main.c:187:6:X_back.part.2	24	static
my_gpio_lib.h:37:6:byte_out_L	0	static
my_gpio_lib.h:44:6:byte_out_H	0	static
my_gpio_lib.h:52:6:word_out	0	static
my_gpio_lib.h:58:10:byte_rd_L	0	static
my_gpio_lib.h:66:10:byte_rd_H	0	static
my_gpio_lib.h:75:10:word_rd	0	static
stdio.h:214:5:fputc	16	static
my_uart_lib.h:62:6:tx_send	16	static
my_uart_lib.h:80:6:tx	16	static
my_uart_lib.h:91:6:vprint	208	static
my_uart_lib.h:102:6:my_printf	16	static
my_uart_lib.h:177:6:poling_rx_chk	8	static
my_uart_lib.h:200:6:uart_poling_rtx_test	0	static
my_uart_lib.h:207:6:uart_int_test	0	static
my_uart_lib.h:220:6:sprintf_test	0	static
main.c:77:6:sensor_check	0	static
main.c:103:6:X_go	16	static
main.c:132:6:Y_go	24	static
main.c:161:6:Z_go	24	static
main.c:187:6:X_back	16	static
main.c:217:6:Y_back	24	static
main.c:249:6:Z_back	24	static
main.c:276:6:Load	8	static
main.c:286:6:Start_Point	24	static
main.c:420:6:in_out	8	static
main.c:433:6:out_in	8	static
main.c:445:6:ch_1_in	8	static
main.c:473:6:ch_3_in	8	static
main.c:498:6:ch_5_in	8	static
main.c:522:6:ch_2_in	8	static
main.c:549:6:ch_4_in	8	static
main.c:573:6:ch_6_in	8	static
main.c:597:6:ch_1_out	8	static
main.c:625:6:ch_3_out	8	static
main.c:651:6:ch_5_out	8	static
main.c:677:6:ch_2_out	8	static
main.c:704:6:ch_4_out	8	static
main.c:730:6:ch_6_out	8	static
main.c:770:5:_write	8	static
main.c:777:6:HAL_UART_RxCpltCallback	16	static
main.c:934:6:SystemClock_Config	72	static
main.c:851:5:main	16	static
main.c:975:6:Error_Handler	0	static
