my_gpio_lib.h:37:6:byte_out_L	0	static
my_gpio_lib.h:44:6:byte_out_H	0	static
my_gpio_lib.h:52:6:word_out	0	static
my_gpio_lib.h:58:10:byte_rd_L	0	static
my_gpio_lib.h:66:10:byte_rd_H	0	static
my_gpio_lib.h:75:10:word_rd	0	static
stdio.h:214:5:fputc	16	static
my_uart_lib.h:62:6:tx_send	16	static
my_uart_lib.h:80:6:tx	16	static
my_uart_lib.h:91:6:vprint	208	static
my_uart_lib.h:102:6:my_printf	16	static
my_uart_lib.h:177:6:poling_rx_chk	8	static
my_uart_lib.h:200:6:uart_poling_rtx_test	0	static
my_uart_lib.h:207:6:uart_int_test	0	static
my_uart_lib.h:220:6:sprintf_test	0	static
main.c:65:6:X_go	24	static
main.c:94:6:Y_go	24	static
main.c:123:6:Z_go	24	static
main.c:149:6:X_back	24	static
main.c:179:6:Y_back	24	static
main.c:211:6:Z_back	24	static
main.c:238:6:Start_Point	32	static
main.c:482:6:SystemClock_Config	72	static
main.c:392:5:main	8	static
main.c:523:6:Error_Handler	0	static
